Starting Dynare (version 6.5).
Calling Dynare with arguments: none
Preprocessing time: 0h00m00s.

STEADY-STATE RESULTS:

Y   		 0.259027
K   		 1.45703
L   		 0.0630388
C   		 0.222601
I   		 0.0364257
W   		 1.88329
R   		 0.0666667
P   		 1
MC  		 0.833333
tfp 		 1

EIGENVALUES:
         Modulus             Real        Imaginary
        7.23e-10        -7.23e-10                0
             0.9              0.9                0
          0.9415           0.9415                0
           1.129            1.129                0
       7.321e+08       -7.321e+08                0
       1.493e+09        1.493e+09                0
        8.16e+19         8.16e+19                0

There are 4 eigenvalue(s) larger than 1 in modulus for 4 forward-looking variable(s)
The rank condition is verified.


MODEL SUMMARY

  Number of variables:         10
  Number of stochastic shocks: 1
  Number of state variables:   3
  Number of jumpers:           4
  Number of static variables:  4


MATRIX OF COVARIANCE OF EXOGENOUS SHOCKS
Variables    tfp_shock
tfp_shock     0.010000

POLICY AND TRANSITION FUNCTIONS
                                   Y               K               L               C               I               W               R               P              MC             tfp
Constant                    0.259027        1.457026        0.063039        0.222601        0.036426        1.883294        0.066667        1.000000        0.833333        1.000000
K(-1)                       0.031299        0.941486       -0.021549        0.064813       -0.033514        0.871359       -0.037700               0               0               0
tfp(-1)                    -0.004906       -0.043887       -0.105325        0.038982       -0.043887       -2.136674       -0.187023       -0.900000       -1.572000        0.900000
P(-1)                      -0.161444       -0.151046       -0.071437       -0.010398       -0.151046       -0.922910       -0.108218               0       -0.833333               0
tfp_shock                  -0.005451       -0.048764       -0.117028        0.043313       -0.048764       -2.374082       -0.207803       -1.000000       -1.746667        1.000000


THEORETICAL MOMENTS
VARIABLE         MEAN  STD. DEV.   VARIANCE
Y              0.2590     0.0405     0.0016
K              1.4570     0.2427     0.0589
L              0.0630     0.0164     0.0003
C              0.2226     0.0242     0.0006
I              0.0364     0.0219     0.0005
W              1.8833     0.3392     0.1151
R              0.0667     0.0320     0.0010
P              1.0000     0.2294     0.0526
MC             0.8333     0.2434     0.0592
tfp            1.0000     0.2294     0.0526



MATRIX OF CORRELATIONS
Variables          Y        K        L        C        I        W        R        P       MC      tfp
Y             1.0000   0.7271  -0.6712   0.8916   0.8651  -0.3860  -0.7406  -0.8828  -0.6779   0.8828
K             0.7271   1.0000  -0.5926   0.9282   0.3190   0.1349  -0.6170  -0.5398  -0.4100   0.5398
L            -0.6712  -0.5926   1.0000  -0.8034  -0.3536   0.6719   0.9949   0.8931   0.9627  -0.8931
C             0.8916   0.9282  -0.8034   1.0000   0.5443  -0.2345  -0.8374  -0.8142  -0.6980   0.8142
I             0.8651   0.3190  -0.3536   0.5443   1.0000  -0.4555  -0.4446  -0.7337  -0.4828   0.7337
W            -0.3860   0.1349   0.6719  -0.2345  -0.4555   1.0000   0.6776   0.7410   0.8396  -0.7410
R            -0.7406  -0.6170   0.9949  -0.8374  -0.4446   0.6776   1.0000   0.9318   0.9684  -0.9318
P            -0.8828  -0.5398   0.8931  -0.8142  -0.7337   0.7410   0.9318   1.0000   0.9395  -1.0000
MC           -0.6779  -0.4100   0.9627  -0.6980  -0.4828   0.8396   0.9684   0.9395   1.0000  -0.9395
tfp           0.8828   0.5398  -0.8931   0.8142   0.7337  -0.7410  -0.9318  -1.0000  -0.9395   1.0000



COEFFICIENTS OF AUTOCORRELATION
Order          1       2       3       4       5
Y         0.9186  0.8492  0.7854  0.7267  0.6727
K         0.9962  0.9871  0.9736  0.9565  0.9364
L         0.6127  0.5882  0.5639  0.5401  0.5167
C         0.9834  0.9636  0.9412  0.9167  0.8906
I         0.7060  0.6028  0.5119  0.4318  0.3615
W         0.6924  0.5799  0.4811  0.3946  0.3190
R         0.7039  0.6679  0.6334  0.6006  0.5692
P         0.9000  0.8100  0.7290  0.6561  0.5905
MC        0.6542  0.5888  0.5299  0.4769  0.4292
tfp       0.9000  0.8100  0.7290  0.6561  0.5905
Total computing time : 0h00m08s
warning: Saving classdef objects is not supported. Attempting to save object as struct.
warning: called from
    driver at line 460 column 1
    dynare at line 306 column 5

warning: Saving classdef objects is not supported. Attempting to save object as struct.
warning: called from
    driver at line 460 column 1
    dynare at line 306 column 5

warning: Saving classdef objects is not supported. Attempting to save object as struct.
warning: called from
    driver at line 460 column 1
    dynare at line 306 column 5

warning: Saving classdef objects is not supported. Attempting to save object as struct.
warning: called from
    driver at line 460 column 1
    dynare at line 306 column 5

warning: Saving classdef objects is not supported. Attempting to save object as struct.
warning: called from
    driver at line 460 column 1
    dynare at line 306 column 5

Note: warning(s) encountered in MATLAB/Octave code
