Starting Dynare (version 6.5).
Calling Dynare with arguments: none
Preprocessing time: 0h00m00s.

STEADY-STATE RESULTS:

Y      		 0.386267
K      		 2.48108
L      		 0.141888
C      		 0.32424
I      		 0.062027
W      		 1.76953
Wreal  		 1.47461
R      		 0.0544898
Rreal  		 0.0454082
Rb     		 1.02041
Rbreal 		 0.85034
MC     		 1
MCreal 		 0.833333
Pr     		 0.0772535
Prreal 		 0.0643779
P      		 1.2
pi     		 1
tfp    		 1
mon    		 1

EIGENVALUES:
         Modulus             Real        Imaginary
        1.31e-14         1.31e-14                0
             0.2              0.2                0
             0.2              0.2                0
          0.9385           0.9385                0
               1                1                0
           1.101            1.101                0
           1.171            1.171                0
           2.275            2.275                0
       2.236e+16        2.236e+16                0
       5.038e+18       -5.038e+18                0

There are 5 eigenvalue(s) larger than 1 in modulus for 5 forward-looking variable(s)
The rank condition is verified.


MODEL SUMMARY

  Number of variables:         19
  Number of stochastic shocks: 2
  Number of state variables:   5
  Number of jumpers:           5
  Number of static variables:  10


MATRIX OF COVARIANCE OF EXOGENOUS SHOCKS
Variables    tfp_shock  mon_shock
tfp_shock     0.000001   0.000000
mon_shock     0.000000   0.000006

POLICY AND TRANSITION FUNCTIONS
                                   Y               K               L               C               I               W           Wreal               R           Rreal              Rb          Rbreal              MC          MCreal              Pr          Prreal               P              pi             tfp             mon
Constant                   -0.326263        1.839173       -0.260779        0.253618       -0.579881       -1.951891       -1.019287       -0.214744       -0.160253        1.019850        1.200072       -2.096334       -1.403752        0.939868        0.809736        0.705802        0.588168        1.000000        1.000000
(correction)               -0.712530       -0.641908       -0.402667       -0.070622       -0.641908       -3.721418       -2.493892       -0.269233       -0.205661       -0.000558        0.349732       -3.096334       -2.237085        0.862614        0.745358       -0.494198       -0.411832               0               0
K(-1)                      -0.975000               0       -0.581788               0       -0.975000       -4.697329       -3.023198       -0.390036       -0.297586               0        0.513940       -4.230756       -3.021969        1.159054        1.004788       -0.725273       -0.604394               0               0
Rb(-1)                    -32.256724      -30.286542      -18.229009       -1.970182      -30.286542     -160.772437     -105.925228      -11.951314       -9.095617        0.938466       16.958292     -135.822435      -97.332650       37.194758       32.220309      -22.827906      -19.023255               0               0
tfp(-1)                     0.008535        0.007064       -0.038834        0.001471        0.007064       -0.362888       -0.193437       -0.026088       -0.018385       -0.000855        0.062126       -0.500871       -0.355811        0.160924        0.138861       -0.088678       -0.073898        0.200000               0
mon(-1)                   -10.155712       -9.536141       -5.739224       -0.619571       -9.536141      -50.687289      -33.345415       -3.764899       -2.863539        0.234364        5.324076      -42.801728      -30.641910       11.706073       10.143352       -7.237724       -6.031437               0        0.200000
P(-1)                              0               0               0               0               0        1.474606               0        0.045408               0               0       -0.708617        0.833333               0        0.064378               0        1.000000               0               0               0
tfp_shock                   0.042674        0.035319       -0.194172        0.007355        0.035319       -1.814442       -0.967183       -0.130442       -0.091924       -0.004273        0.310632       -2.504356       -1.779055        0.804619        0.694303       -0.443388       -0.369490        1.000000               0
mon_shock                 -50.778560      -47.680704      -28.696120       -3.097856      -47.680704     -253.436444     -166.727076      -18.824494      -14.317696        1.171822       26.620382     -214.008642     -153.209549       58.530366       50.716761      -36.188621      -30.157184               0        1.000000
K(-1),K(-1)                 1.299595               0        1.238004               0               0        7.574675        3.334113        1.458994        1.000529               0       -0.353059        9.846925        5.728904       -9.139507       -7.059214        0.936587        0.780489               0               0
Rb(-1),K(-1)               78.720498               0       73.219109               0               0      480.428296      209.234604       86.612961       58.876150               0      -20.103579      601.184166      345.344588     -577.724469     -445.887133       56.631290       47.192742               0               0
Rb(-1),Rb(-1)            1488.880582      284.868140     1251.245583       11.926608      284.868140     9106.309376     4255.289018     1396.982562      950.530171       -0.459285     -437.962940    10440.606855     6103.943456    -9481.660991    -7346.001191     1072.768987      893.974156               0               0
tfp(-1),K(-1)              -0.018360               0        0.161034               0               0        1.185031        0.405926        0.194258        0.121349               0       -0.063607        2.248800        1.299280       -1.789511       -1.343615        0.196348        0.163623               0               0
tfp(-1),Rb(-1)             -0.628985       -0.067159        5.036589       -0.005759       -0.067159       40.198489       14.159116        5.962742        3.705886       -0.008457       -2.088482       72.230903       41.804910      -57.444206      -43.189507        6.373634        5.311361               0               0
tfp(-1),tfp(-1)            -0.003841       -0.003183        0.024919       -0.000723       -0.003183        0.232456        0.110435        0.019787        0.013006        0.000423       -0.034836        0.384134        0.254834       -0.161914       -0.127678        0.056137        0.046781       -0.080000               0
mon(-1),K(-1)              24.786249               0       23.053375               0               0      151.122975       65.872555       27.275145       18.536257               0       -6.181534      189.265214      108.725230     -182.303071     -140.674624       17.638830       14.699025               0               0
mon(-1),Rb(-1)            926.051614      168.533306      781.404347        6.828549      168.533306     5672.895017     2641.653946      875.555760      595.275469       -0.002408     -264.993224     6525.461768     3808.735990    -5970.168849    -4623.319959      661.225301      551.021084               0               0
mon(-1),tfp(-1)            -0.205662       -0.028476        1.581408       -0.002100       -0.028476       12.616904        4.433258        1.875034        1.164590       -0.002411       -0.646647       22.720046       13.138411      -18.127516      -13.626120        1.993726        1.661438               0               0
mon(-1),mon(-1)           150.645561       31.088863      125.758872        1.374120       31.088863      916.693325      431.798448      139.658344       95.077009       -0.116839      -43.522779     1047.675334      614.221538     -947.487146     -734.112439      106.598158       88.831799               0       -0.080000
P(-1),K(-1)                        0               0               0               0               0       -3.914441               0       -0.325030               0               0       -0.428284       -3.525630               0        0.965878               0       -0.604394               0               0               0
P(-1),Rb(-1)                       0               0               0               0               0     -133.977031               0       -9.959428               0               0      -14.131910     -113.185363               0       30.995632               0      -19.023255               0               0               0
P(-1),tfp(-1)                      0               0               0               0               0       -0.302407               0       -0.021740               0               0       -0.051772       -0.417393               0        0.134103               0       -0.073898               0               0               0
P(-1),mon(-1)                      0               0               0               0               0      -42.239407               0       -3.137416               0               0       -4.436730      -35.668107               0        9.755061               0       -6.031437               0               0               0
P(-1),P(-1)                        0               0               0               0               0               0               0               0               0               0        0.590514               0               0               0               0               0               0               0               0
tfp_shock,tfp_shock         0.010662        0.008720        0.137555        0.000321        0.008720        1.275286        0.342925        0.168558        0.095339       -0.000101       -0.094317        3.342465        1.923216       -2.036291       -1.456195        0.294952        0.245793        0.500000               0
mon_shock,tfp_shock        -5.141546       -0.711905       39.535188       -0.052507       -0.711905      315.422592      110.831461       46.875862       29.114738       -0.060278      -16.166181      568.001142      328.460278     -453.187895     -340.653001       49.843149       41.535958               0               0
mon_shock,mon_shock      3639.192630      658.019801     3072.231488       26.608349      658.019801    22283.742008    10378.143519     3444.397370     2341.130977        0.008586    -1021.518516    25656.861735    14972.514567   -23540.852725   -18226.019062     2574.482405     2145.402004               0        0.500000
K(-1),tfp_shock            -0.091801               0        0.805168               0               0        5.925155        2.029630        0.971290        0.606746               0       -0.318037       11.243999        6.496398       -8.947557       -6.718074        0.981739        0.818116               0               0
K(-1),mon_shock           123.931243               0      115.266876               0               0      755.614876      329.362773      136.375724       92.681287               0      -30.907670      946.326071      543.626151     -911.515356     -703.373118       88.194151       73.495126               0               0
Rb(-1),tfp_shock           -3.144927       -0.335796       25.182946       -0.028797       -0.335796      200.992444       70.795580       29.813709       18.529432       -0.042284      -10.442410      361.154513      209.024549     -287.221030     -215.947534       31.868169       26.556807               0               0
Rb(-1),mon_shock         4630.258069      842.666529     3907.021736       34.142746      842.666529    28364.475083    13208.269728     4377.778802     2976.377345       -0.012040    -1324.966118    32627.308841    19043.679952   -29850.844247   -23116.599793     3306.126505     2755.105421               0               0
tfp(-1),tfp_shock           0.004265        0.003488        0.055022        0.000129        0.003488        0.510114        0.137170        0.067423        0.038136       -0.000040       -0.037727        1.336986        0.769286       -0.814517       -0.582478        0.117981        0.098317        0.200000               0
tfp(-1),mon_shock          -1.028309       -0.142381        7.907038       -0.010501       -0.142381       63.084518       22.166292        9.375172        5.822948       -0.012056       -3.233236      113.600228       65.692056      -90.637579      -68.130600        9.968630        8.307192               0               0
mon(-1),tfp_shock          -1.028309       -0.142381        7.907038       -0.010501       -0.142381       63.084518       22.166292        9.375172        5.822948       -0.012056       -3.233236      113.600228       65.692056      -90.637579      -68.130600        9.968630        8.307192               0               0
mon(-1),mon_shock        1455.677052      263.207921     1228.892595       10.643340      263.207921     8913.496803     4151.257408     1377.758948      936.452391        0.003435     -408.607407    10262.744694     5989.005827    -9416.341090    -7290.407625     1029.792962      858.160802               0        0.200000
P(-1),tfp_shock                    0               0               0               0               0       -1.512035               0       -0.108702               0               0       -0.258860       -2.086963               0        0.670516               0       -0.369490               0               0               0
P(-1),mon_shock                    0               0               0               0               0     -211.197036               0      -15.687079               0               0      -22.183652     -178.340535               0       48.775305               0      -30.157184               0               0               0
warning: matrix singular to machine precision, rcond = 6.83722e-18
warning: called from
    th_autocovariances at line 120 column 9
    disp_th_moments at line 61 column 2
    stoch_simul at line 207 column 13
    driver at line 414 column 2
    dynare at line 306 column 5



APPROXIMATED THEORETICAL MOMENTS
VARIABLE         MEAN  STD. DEV.   VARIANCE
Y              0.3454     0.1273     0.0162
K              2.1816     0.3475     0.1207
L              0.1377     0.0720     0.0052
C              0.2733     0.0226     0.0005
I              0.0538     0.1198     0.0144
W                 NaN        NaN        NaN
Wreal          1.1253     0.4267     0.1820
R                 NaN        NaN        NaN
Rreal          0.0459     0.0362     0.0013
Rb             1.0148     0.0105     0.0001
Rbreal            NaN        NaN        NaN
MC                NaN        NaN        NaN
MCreal         0.6792     0.3830     0.1467
Pr                NaN        NaN        NaN
Prreal         0.0363     0.1268     0.0161
P                 NaN        NaN        NaN
pi             0.9982     0.0756     0.0057
tfp            1.0000     0.0010     0.0000
mon            1.0000     0.0026     0.0000



APPROXIMATED VARIANCE DECOMPOSITION (in percent)
          tfp_shock  mon_shock
Y              0.00     100.00
K              0.00     100.00
L              0.00     100.00
C              0.00     100.00
I              0.00     100.00
Wreal          0.00     100.00
Rreal          0.00     100.00
Rb             0.00     100.00
MCreal         0.00     100.00
Prreal         0.00     100.00
pi             0.00     100.00
tfp          100.00      -0.00
mon            0.00     100.00



APPROXIMATED MATRIX OF CORRELATIONS
Variables          Y        K        L        C        I    Wreal    Rreal       Rb   MCreal   Prreal       pi      tfp      mon
Y             1.0000   0.4074   0.9889   0.4071   0.9851   0.9894   0.9762  -0.3457   0.9974  -0.9964   0.9909   0.0005  -0.9842
K             0.4074   1.0000   0.2675   1.0000   0.2440   0.5356   0.1995  -0.9977   0.3403  -0.3288   0.2806   0.0002  -0.4143
L             0.9889   0.2675   1.0000   0.2671   0.9997   0.9570   0.9976  -0.2028   0.9971  -0.9979   0.9999  -0.0026  -0.9711
C             0.4071   1.0000   0.2671   1.0000   0.2437   0.5352   0.1992  -0.9977   0.3399  -0.3285   0.2803   0.0004  -0.4139
I             0.9851   0.2440   0.9997   0.2437   1.0000   0.9497   0.9990  -0.1790   0.9949  -0.9961   0.9993   0.0005  -0.9669
Wreal         0.9894   0.5356   0.9570   0.5352   0.9497   1.0000   0.9344  -0.4782   0.9763  -0.9736   0.9609  -0.0021  -0.9759
Rreal         0.9762   0.1995   0.9976   0.1992   0.9990   0.9344   1.0000  -0.1339   0.9893  -0.9910   0.9965  -0.0024  -0.9575
Rb           -0.3457  -0.9977  -0.2028  -0.9977  -0.1790  -0.4782  -0.1339   1.0000  -0.2769   0.2653  -0.2161  -0.0005   0.3516
MCreal        0.9974   0.3403   0.9971   0.3399   0.9949   0.9763   0.9893  -0.2769   1.0000  -0.9999   0.9980  -0.0046  -0.9805
Prreal       -0.9964  -0.3288  -0.9979  -0.3285  -0.9961  -0.9736  -0.9910   0.2653  -0.9999   1.0000  -0.9987   0.0054   0.9794
pi            0.9909   0.2806   0.9999   0.2803   0.9993   0.9609   0.9965  -0.2161   0.9980  -0.9987   1.0000  -0.0048  -0.9734
tfp           0.0005   0.0002  -0.0026   0.0004   0.0005  -0.0021  -0.0024  -0.0005  -0.0046   0.0054  -0.0048   1.0000   0.0000
mon          -0.9842  -0.4143  -0.9711  -0.4139  -0.9669  -0.9759  -0.9575   0.3516  -0.9805   0.9794  -0.9734   0.0000   1.0000



APPROXIMATED COEFFICIENTS OF AUTOCORRELATION
Order           1        2        3        4        5
Y          0.0331   0.0269   0.0244   0.0227   0.0213
K          0.9393   0.8817   0.8275   0.7766   0.7288
L         -0.0161  -0.0195  -0.0192  -0.0182  -0.0171
C          0.9394   0.8818   0.8276   0.7767   0.7289
I         -0.0201  -0.0233  -0.0228  -0.0216  -0.0203
Wreal      0.1187   0.1076   0.1002   0.0939   0.0881
Rreal     -0.0245  -0.0275  -0.0267  -0.0252  -0.0237
Rb         0.9586   0.9036   0.8488   0.7967   0.7477
MCreal     0.0040  -0.0006  -0.0014  -0.0015  -0.0014
Prreal     0.0001  -0.0043  -0.0049  -0.0048  -0.0045
pi        -0.0121  -0.0168  -0.0168  -0.0160  -0.0151
tfp        0.2000   0.0400   0.0080   0.0016   0.0003
mon        0.2000   0.0400   0.0080   0.0016   0.0003
Total computing time : 0h00m11s
warning: Saving classdef objects is not supported. Attempting to save object as struct.
warning: called from
    driver at line 422 column 1
    dynare at line 306 column 5

warning: Saving classdef objects is not supported. Attempting to save object as struct.
warning: called from
    driver at line 422 column 1
    dynare at line 306 column 5

warning: Saving classdef objects is not supported. Attempting to save object as struct.
warning: called from
    driver at line 422 column 1
    dynare at line 306 column 5

warning: Saving classdef objects is not supported. Attempting to save object as struct.
warning: called from
    driver at line 422 column 1
    dynare at line 306 column 5

warning: Saving classdef objects is not supported. Attempting to save object as struct.
warning: called from
    driver at line 422 column 1
    dynare at line 306 column 5

Note: 1 warning(s) encountered in the preprocessor
Note: warning(s) encountered in MATLAB/Octave code
